===================================== 
Build started: Sat 03/21/2026 23:47:31.64 
===================================== 
Cloning repository... 
        1 file(s) copied.
Starting services... 
Portal Service port# 8000
created service ai_8001 db
started service ai 8001 c:\workarea\mixwellsoftware.com-services\build\mixwellsoftware.com-services\mixwell-platform\portal/../\services\ai_001
created service cam_8002 db
started service cam 8002 c:\workarea\mixwellsoftware.com-services\build\mixwellsoftware.com-services\mixwell-platform\portal/../\services\cam_002
created service data_8003 db
started service data 8003 c:\workarea\mixwellsoftware.com-services\build\mixwellsoftware.com-services\mixwell-platform\portal/../\services\data_003
created service email_8004 db
started service email 8004 c:\workarea\mixwellsoftware.com-services\build\mixwellsoftware.com-services\mixwell-platform\portal/../\services\email_004
created service rdp_8005 db
started service rdp 8005 c:\workarea\mixwellsoftware.com-services\build\mixwellsoftware.com-services\mixwell-platform\portal/../\services\rdp_005
created service registry_8006 db
started service registry 8006 c:\workarea\mixwellsoftware.com-services\build\mixwellsoftware.com-services\mixwell-platform\portal/../\services\registry_006
created service service1_8007 db
started service service1 8007 c:\workarea\mixwellsoftware.com-services\build\mixwellsoftware.com-services\mixwell-platform\portal/../\services\service1_007
created service service2_8008 db
started service service2 8008 c:\workarea\mixwellsoftware.com-services\build\mixwellsoftware.com-services\mixwell-platform\portal/../\services\service2_008
created service user_8009 db
started service user 8009 c:\workarea\mixwellsoftware.com-services\build\mixwellsoftware.com-services\mixwell-platform\portal/../\services\user_009
created service video_8010 db
started service video 8010 c:\workarea\mixwellsoftware.com-services\build\mixwellsoftware.com-services\mixwell-platform\portal/../\services\video_010
run portal poat at 8000
 * Serving Flask app 'app'
 * Debug mode: off
